// Jest Snapshot v1, https://goo.gl/fbAQLP

exports[`With Jest snapshot, Place component renders rating section when present 1`] = `
<div
  className="root"
>
  <div
    className="name"
  >
    Where for lunch?
  </div>
  <div
    className="box"
  >
    <div />
    <div />
    <div />
    <div />
  </div>
</div>
`;
